Job ID: 22737496
Node: gcn40
Start: Thu May 14 01:01:26 CEST 2026
Device: cuda
Config: {'model_path': '/home/scur0036/diffusion-models-project/models/unet_C0_128_convs_2/init.pt', 'train_dataset_path': '/home/scur0036/diffusion-models-project/models/unet_C0_128_convs_2/train_dataset.pt', 'test_dataset_path': '/home/scur0036/diffusion-models-project/models/unet_C0_128_convs_2/test_dataset.pt', 'epochs': 300, 'batch_size': 32, 'weight_decay': 1e-06, 'lr': None, 'save_path': '/home/scur0036/diffusion-models-project/models/unet_C0_128_convs_2/trained.pkl', 'early_stopping': 15}
Parameters: 7,524,097
Train samples: 60000, Test samples: 10000
Stopping early, the loss has diverged
Learning rate search finished. See the graph with {finder_name}.plot()
LR suggestion: steepest gradient
Suggested LR: 7.05E-07
LR finder: 7.05e-07 → using 3.53e-07
Epoch 0 | train loss: 0.0249 | test loss: 0.0251
Epoch 1 | train loss: 0.0249 | test loss: 0.0242
Epoch 2 | train loss: 0.0249 | test loss: 0.0250
Epoch 3 | train loss: 0.0250 | test loss: 0.0247
Epoch 4 | train loss: 0.0249 | test loss: 0.0244
Epoch 5 | train loss: 0.0249 | test loss: 0.0251
Epoch 6 | train loss: 0.0249 | test loss: 0.0248
Epoch 7 | train loss: 0.0251 | test loss: 0.0247
Epoch 8 | train loss: 0.0250 | test loss: 0.0249
Epoch 9 | train loss: 0.0249 | test loss: 0.0247
Epoch 10 | train loss: 0.0250 | test loss: 0.0252
Epoch 11 | train loss: 0.0249 | test loss: 0.0247
Epoch 12 | train loss: 0.0249 | test loss: 0.0251
Epoch 13 | train loss: 0.0250 | test loss: 0.0251
Epoch 14 | train loss: 0.0250 | test loss: 0.0253
Epoch 15 | train loss: 0.0249 | test loss: 0.0246
Epoch 16 | train loss: 0.0252 | test loss: 0.0249
Early stopping at epoch 16
Best test loss: 0.0242
Trained model saved to: /home/scur0036/diffusion-models-project/models/unet_C0_128_convs_2/trained.pkl
Cleaned up init files.
Done: Thu May 14 01:10:23 CEST 2026
