wandb run: galaxy_UNet_attention_0_timeemb_0_epochs_50
wandb url: https://wandb.ai/jorgegolj0416-vrije-universiteit-amsterdam/galaxy-ddpm/runs/5us2njrm

================================================================================
LOADING GALAXY10 DATASET
================================================================================
/home/scur0071/.astroNN/datasets/Galaxy10_DECals.h5 was found!
Dataset loaded successfully
  Total samples: 17736
  Image shape: (256, 256, 3)
  Value range: [0.00, 255.00]
  Saved samples to: results/sample_galaxies.png

================================================================================
CREATING TRAIN/TEST SPLIT
================================================================================
Train set: 15962 samples
Test set:  1774 samples

================================================================================
CREATING NOISY DATASETS
================================================================================
Noise scheduler configured:
  T: 1000
  Beta start: 0.0001
  Beta end: 0.02

================================================================================
BUILDING UNET MODEL
================================================================================
/home/scur0071/mlpa_env/lib64/python3.9/site-packages/torch/nn/init.py:511: UserWarning: Initializing zero-element tensors is a no-op
📦 UNet class: UNet
📁 Loaded from module: ddpm.model
Model: C0_128_convs_2
  Total parameters: 15,621,513
  Input channels: 3
  Base channels: 128
  Attention heads: 0
  Time embedding dimension: 0
  Convolutions per level: 2

================================================================================
CREATING DATA LOADERS
================================================================================
Batch size: 16
Train batches: 998
Test batches: 111

================================================================================
SETTING UP TRAINING
================================================================================
Training configuration:
  Epochs: 50
  Learning rate: 0.0001
  Weight decay: 1e-06
  Early stopping patience: 10
  Save path: models/galaxy_20260522_160333.pkl

================================================================================
STARTING TRAINING
================================================================================
/gpfs/home6/scur0071/Project/diffusion-models-project/train_galaxy_no_att_no_time.py:297: FutureWarning: `torch.cuda.amp.GradScaler(args...)` is deprecated. Please use `torch.amp.GradScaler('cuda', args...)` instead.
/gpfs/home6/scur0071/Project/diffusion-models-project/train_galaxy_no_att_no_time.py:310: FutureWarning: `torch.cuda.amp.autocast(args...)` is deprecated. Please use `torch.amp.autocast('cuda', args...)` instead.
  Epoch [1/50] Batch [0/998] Loss: 0.995128
  Epoch [1/50] Batch [50/998] Loss: 0.070563
  Epoch [1/50] Batch [100/998] Loss: 0.107184
  Epoch [1/50] Batch [150/998] Loss: 0.023494
  Epoch [1/50] Batch [200/998] Loss: 0.026087
  Epoch [1/50] Batch [250/998] Loss: 0.042747
  Epoch [1/50] Batch [300/998] Loss: 0.007185
  Epoch [1/50] Batch [350/998] Loss: 0.009286
  Epoch [1/50] Batch [400/998] Loss: 0.006238
  Epoch [1/50] Batch [450/998] Loss: 0.014851
  Epoch [1/50] Batch [500/998] Loss: 0.019373
  Epoch [1/50] Batch [550/998] Loss: 0.034888
  Epoch [1/50] Batch [600/998] Loss: 0.005410
  Epoch [1/50] Batch [650/998] Loss: 0.003885
  Epoch [1/50] Batch [700/998] Loss: 0.021567
  Epoch [1/50] Batch [750/998] Loss: 0.007593
  Epoch [1/50] Batch [800/998] Loss: 0.064816
  Epoch [1/50] Batch [850/998] Loss: 0.006311
  Epoch [1/50] Batch [900/998] Loss: 0.002967
  Epoch [1/50] Batch [950/998] Loss: 0.005124
Epoch [1/50] Train Loss: 0.044222 | Test Loss: 0.019109
  ✓ New best model saved (test loss: 0.019109)
wandb: WARNING Symlinked 1 file into the W&B run directory; call wandb.save again to sync new files.
  Epoch [2/50] Batch [0/998] Loss: 0.042803
  Epoch [2/50] Batch [50/998] Loss: 0.022849
  Epoch [2/50] Batch [100/998] Loss: 0.006301
  Epoch [2/50] Batch [150/998] Loss: 0.094618
  Epoch [2/50] Batch [200/998] Loss: 0.013356
  Epoch [2/50] Batch [250/998] Loss: 0.005089
  Epoch [2/50] Batch [300/998] Loss: 0.008436
  Epoch [2/50] Batch [350/998] Loss: 0.017055
  Epoch [2/50] Batch [400/998] Loss: 0.005273
  Epoch [2/50] Batch [450/998] Loss: 0.004811
  Epoch [2/50] Batch [500/998] Loss: 0.004590
  Epoch [2/50] Batch [550/998] Loss: 0.004247
  Epoch [2/50] Batch [600/998] Loss: 0.061926
  Epoch [2/50] Batch [650/998] Loss: 0.001795
  Epoch [2/50] Batch [700/998] Loss: 0.009559
  Epoch [2/50] Batch [750/998] Loss: 0.002463
  Epoch [2/50] Batch [800/998] Loss: 0.004693
  Epoch [2/50] Batch [850/998] Loss: 0.003763
  Epoch [2/50] Batch [900/998] Loss: 0.015422
  Epoch [2/50] Batch [950/998] Loss: 0.061603
Epoch [2/50] Train Loss: 0.017921 | Test Loss: 0.017205
  ✓ New best model saved (test loss: 0.017205)
  Epoch [3/50] Batch [0/998] Loss: 0.004215
  Epoch [3/50] Batch [50/998] Loss: 0.013823
  Epoch [3/50] Batch [100/998] Loss: 0.004229
  Epoch [3/50] Batch [150/998] Loss: 0.067056
  Epoch [3/50] Batch [200/998] Loss: 0.003135
  Epoch [3/50] Batch [250/998] Loss: 0.007469
  Epoch [3/50] Batch [300/998] Loss: 0.047688
  Epoch [3/50] Batch [350/998] Loss: 0.018033
  Epoch [3/50] Batch [400/998] Loss: 0.003587
  Epoch [3/50] Batch [450/998] Loss: 0.018725
  Epoch [3/50] Batch [500/998] Loss: 0.008406
  Epoch [3/50] Batch [550/998] Loss: 0.010146
  Epoch [3/50] Batch [600/998] Loss: 0.005046
  Epoch [3/50] Batch [650/998] Loss: 0.009765
  Epoch [3/50] Batch [700/998] Loss: 0.006521
  Epoch [3/50] Batch [750/998] Loss: 0.020975
  Epoch [3/50] Batch [800/998] Loss: 0.003018
  Epoch [3/50] Batch [850/998] Loss: 0.038293
  Epoch [3/50] Batch [900/998] Loss: 0.004890
  Epoch [3/50] Batch [950/998] Loss: 0.007567
Epoch [3/50] Train Loss: 0.017392 | Test Loss: 0.020307
  No improvement (1/10)
  Epoch [4/50] Batch [0/998] Loss: 0.004443
  Epoch [4/50] Batch [50/998] Loss: 0.003852
  Epoch [4/50] Batch [100/998] Loss: 0.027564
  Epoch [4/50] Batch [150/998] Loss: 0.004190
  Epoch [4/50] Batch [200/998] Loss: 0.000829
  Epoch [4/50] Batch [250/998] Loss: 0.008964
  Epoch [4/50] Batch [300/998] Loss: 0.004129
  Epoch [4/50] Batch [350/998] Loss: 0.001246
  Epoch [4/50] Batch [400/998] Loss: 0.126787
  Epoch [4/50] Batch [450/998] Loss: 0.004554
  Epoch [4/50] Batch [500/998] Loss: 0.003774
  Epoch [4/50] Batch [550/998] Loss: 0.030176
  Epoch [4/50] Batch [600/998] Loss: 0.028399
  Epoch [4/50] Batch [650/998] Loss: 0.006929
  Epoch [4/50] Batch [700/998] Loss: 0.030599
  Epoch [4/50] Batch [750/998] Loss: 0.001474
  Epoch [4/50] Batch [800/998] Loss: 0.027097
  Epoch [4/50] Batch [850/998] Loss: 0.004839
  Epoch [4/50] Batch [900/998] Loss: 0.002467
  Epoch [4/50] Batch [950/998] Loss: 0.030012
Epoch [4/50] Train Loss: 0.017167 | Test Loss: 0.017805
  No improvement (2/10)
  Epoch [5/50] Batch [0/998] Loss: 0.010485
  Epoch [5/50] Batch [50/998] Loss: 0.003077
  Epoch [5/50] Batch [100/998] Loss: 0.005303
  Epoch [5/50] Batch [150/998] Loss: 0.002035
  Epoch [5/50] Batch [200/998] Loss: 0.003566
  Epoch [5/50] Batch [250/998] Loss: 0.003033
  Epoch [5/50] Batch [300/998] Loss: 0.003882
  Epoch [5/50] Batch [350/998] Loss: 0.003097
  Epoch [5/50] Batch [400/998] Loss: 0.060611
  Epoch [5/50] Batch [450/998] Loss: 0.037646
  Epoch [5/50] Batch [500/998] Loss: 0.042990
  Epoch [5/50] Batch [550/998] Loss: 0.010679
  Epoch [5/50] Batch [600/998] Loss: 0.003425
  Epoch [5/50] Batch [650/998] Loss: 0.007107
  Epoch [5/50] Batch [700/998] Loss: 0.003011
  Epoch [5/50] Batch [750/998] Loss: 0.080931
  Epoch [5/50] Batch [800/998] Loss: 0.004306
  Epoch [5/50] Batch [850/998] Loss: 0.012211
  Epoch [5/50] Batch [900/998] Loss: 0.049529
  Epoch [5/50] Batch [950/998] Loss: 0.006362
Epoch [5/50] Train Loss: 0.017372 | Test Loss: 0.018299
  Generating sample images...
  Saved generated images to: results/generated_epoch_5.png
  No improvement (3/10)
  Epoch [6/50] Batch [0/998] Loss: 0.003968
  Epoch [6/50] Batch [50/998] Loss: 0.004043
  Epoch [6/50] Batch [100/998] Loss: 0.073062
  Epoch [6/50] Batch [150/998] Loss: 0.008371
  Epoch [6/50] Batch [200/998] Loss: 0.017299
  Epoch [6/50] Batch [250/998] Loss: 0.030198
  Epoch [6/50] Batch [300/998] Loss: 0.005981
  Epoch [6/50] Batch [350/998] Loss: 0.043712
  Epoch [6/50] Batch [400/998] Loss: 0.008594
  Epoch [6/50] Batch [450/998] Loss: 0.004500
  Epoch [6/50] Batch [500/998] Loss: 0.004365
  Epoch [6/50] Batch [550/998] Loss: 0.013848
  Epoch [6/50] Batch [600/998] Loss: 0.021710
  Epoch [6/50] Batch [650/998] Loss: 0.006419
  Epoch [6/50] Batch [700/998] Loss: 0.003325
  Epoch [6/50] Batch [750/998] Loss: 0.004592
  Epoch [6/50] Batch [800/998] Loss: 0.002271
  Epoch [6/50] Batch [850/998] Loss: 0.002515
  Epoch [6/50] Batch [900/998] Loss: 0.015808
  Epoch [6/50] Batch [950/998] Loss: 0.001520
Epoch [6/50] Train Loss: 0.017024 | Test Loss: 0.020113
  No improvement (4/10)
  Epoch [7/50] Batch [0/998] Loss: 0.001665
  Epoch [7/50] Batch [50/998] Loss: 0.008933
  Epoch [7/50] Batch [100/998] Loss: 0.034895
  Epoch [7/50] Batch [150/998] Loss: 0.009574
  Epoch [7/50] Batch [200/998] Loss: 0.002291
  Epoch [7/50] Batch [250/998] Loss: 0.023384
  Epoch [7/50] Batch [300/998] Loss: 0.004269
  Epoch [7/50] Batch [350/998] Loss: 0.026987
  Epoch [7/50] Batch [400/998] Loss: 0.008001
  Epoch [7/50] Batch [450/998] Loss: 0.012008
  Epoch [7/50] Batch [500/998] Loss: 0.006509
  Epoch [7/50] Batch [550/998] Loss: 0.003639
  Epoch [7/50] Batch [600/998] Loss: 0.034070
  Epoch [7/50] Batch [650/998] Loss: 0.084562
  Epoch [7/50] Batch [700/998] Loss: 0.001608
  Epoch [7/50] Batch [750/998] Loss: 0.003032
  Epoch [7/50] Batch [800/998] Loss: 0.002390
  Epoch [7/50] Batch [850/998] Loss: 0.008444
  Epoch [7/50] Batch [900/998] Loss: 0.003460
  Epoch [7/50] Batch [950/998] Loss: 0.019112
Epoch [7/50] Train Loss: 0.017165 | Test Loss: 0.015780
  ✓ New best model saved (test loss: 0.015780)
  Epoch [8/50] Batch [0/998] Loss: 0.078754
  Epoch [8/50] Batch [50/998] Loss: 0.004401
  Epoch [8/50] Batch [100/998] Loss: 0.015216
  Epoch [8/50] Batch [150/998] Loss: 0.012595
  Epoch [8/50] Batch [200/998] Loss: 0.037196
  Epoch [8/50] Batch [250/998] Loss: 0.002035
  Epoch [8/50] Batch [300/998] Loss: 0.048673
  Epoch [8/50] Batch [350/998] Loss: 0.063770
  Epoch [8/50] Batch [400/998] Loss: 0.004271
  Epoch [8/50] Batch [450/998] Loss: 0.005639
  Epoch [8/50] Batch [500/998] Loss: 0.003845
  Epoch [8/50] Batch [550/998] Loss: 0.007529
  Epoch [8/50] Batch [600/998] Loss: 0.006169
  Epoch [8/50] Batch [650/998] Loss: 0.018034
  Epoch [8/50] Batch [700/998] Loss: 0.016230
  Epoch [8/50] Batch [750/998] Loss: 0.005084
  Epoch [8/50] Batch [800/998] Loss: 0.009525
  Epoch [8/50] Batch [850/998] Loss: 0.031902
  Epoch [8/50] Batch [900/998] Loss: 0.001938
  Epoch [8/50] Batch [950/998] Loss: 0.004046
Epoch [8/50] Train Loss: 0.016683 | Test Loss: 0.014845
  ✓ New best model saved (test loss: 0.014845)
  Epoch [9/50] Batch [0/998] Loss: 0.004279
  Epoch [9/50] Batch [50/998] Loss: 0.004431
  Epoch [9/50] Batch [100/998] Loss: 0.007049
  Epoch [9/50] Batch [150/998] Loss: 0.004194
  Epoch [9/50] Batch [200/998] Loss: 0.002060
  Epoch [9/50] Batch [250/998] Loss: 0.005034
  Epoch [9/50] Batch [300/998] Loss: 0.002124
  Epoch [9/50] Batch [350/998] Loss: 0.003946
  Epoch [9/50] Batch [400/998] Loss: 0.001554
  Epoch [9/50] Batch [450/998] Loss: 0.001960
  Epoch [9/50] Batch [500/998] Loss: 0.001428
  Epoch [9/50] Batch [550/998] Loss: 0.023133
  Epoch [9/50] Batch [600/998] Loss: 0.011542
  Epoch [9/50] Batch [650/998] Loss: 0.004804
  Epoch [9/50] Batch [700/998] Loss: 0.038207
  Epoch [9/50] Batch [750/998] Loss: 0.003663
  Epoch [9/50] Batch [800/998] Loss: 0.017418
  Epoch [9/50] Batch [850/998] Loss: 0.057583
  Epoch [9/50] Batch [900/998] Loss: 0.010775
  Epoch [9/50] Batch [950/998] Loss: 0.046080
Epoch [9/50] Train Loss: 0.016908 | Test Loss: 0.015136
  No improvement (1/10)
  Epoch [10/50] Batch [0/998] Loss: 0.038067
  Epoch [10/50] Batch [50/998] Loss: 0.027237
  Epoch [10/50] Batch [100/998] Loss: 0.096022
  Epoch [10/50] Batch [150/998] Loss: 0.072596
  Epoch [10/50] Batch [200/998] Loss: 0.043190
  Epoch [10/50] Batch [250/998] Loss: 0.005712
  Epoch [10/50] Batch [300/998] Loss: 0.003640
  Epoch [10/50] Batch [350/998] Loss: 0.015516
  Epoch [10/50] Batch [400/998] Loss: 0.041150
  Epoch [10/50] Batch [450/998] Loss: 0.004814
  Epoch [10/50] Batch [500/998] Loss: 0.001400
  Epoch [10/50] Batch [550/998] Loss: 0.026074
  Epoch [10/50] Batch [600/998] Loss: 0.004223
  Epoch [10/50] Batch [650/998] Loss: 0.014936
  Epoch [10/50] Batch [700/998] Loss: 0.011492
  Epoch [10/50] Batch [750/998] Loss: 0.014273
  Epoch [10/50] Batch [800/998] Loss: 0.010887
  Epoch [10/50] Batch [850/998] Loss: 0.021390
  Epoch [10/50] Batch [900/998] Loss: 0.004306
  Epoch [10/50] Batch [950/998] Loss: 0.020366
Epoch [10/50] Train Loss: 0.016687 | Test Loss: 0.019376
  Generating sample images...
  Saved generated images to: results/generated_epoch_10.png
  No improvement (2/10)
  Epoch [11/50] Batch [0/998] Loss: 0.011118
  Epoch [11/50] Batch [50/998] Loss: 0.005899
  Epoch [11/50] Batch [100/998] Loss: 0.003793
  Epoch [11/50] Batch [150/998] Loss: 0.002142
  Epoch [11/50] Batch [200/998] Loss: 0.005090
  Epoch [11/50] Batch [250/998] Loss: 0.050739
  Epoch [11/50] Batch [300/998] Loss: 0.009173
  Epoch [11/50] Batch [350/998] Loss: 0.005175
  Epoch [11/50] Batch [400/998] Loss: 0.009902
  Epoch [11/50] Batch [450/998] Loss: 0.001731
  Epoch [11/50] Batch [500/998] Loss: 0.002884
  Epoch [11/50] Batch [550/998] Loss: 0.006227
  Epoch [11/50] Batch [600/998] Loss: 0.009875
  Epoch [11/50] Batch [650/998] Loss: 0.015815
  Epoch [11/50] Batch [700/998] Loss: 0.005168
  Epoch [11/50] Batch [750/998] Loss: 0.005987
  Epoch [11/50] Batch [800/998] Loss: 0.037221
  Epoch [11/50] Batch [850/998] Loss: 0.003798
  Epoch [11/50] Batch [900/998] Loss: 0.002592
  Epoch [11/50] Batch [950/998] Loss: 0.022519
Epoch [11/50] Train Loss: 0.016762 | Test Loss: 0.016551
  No improvement (3/10)
  Epoch [12/50] Batch [0/998] Loss: 0.003402
  Epoch [12/50] Batch [50/998] Loss: 0.008062
  Epoch [12/50] Batch [100/998] Loss: 0.010807
  Epoch [12/50] Batch [150/998] Loss: 0.004976
  Epoch [12/50] Batch [200/998] Loss: 0.003805
  Epoch [12/50] Batch [250/998] Loss: 0.066181
  Epoch [12/50] Batch [300/998] Loss: 0.031211
  Epoch [12/50] Batch [350/998] Loss: 0.001966
  Epoch [12/50] Batch [400/998] Loss: 0.002184
  Epoch [12/50] Batch [450/998] Loss: 0.038126
  Epoch [12/50] Batch [500/998] Loss: 0.026628
  Epoch [12/50] Batch [550/998] Loss: 0.023023
  Epoch [12/50] Batch [600/998] Loss: 0.006979
  Epoch [12/50] Batch [650/998] Loss: 0.019468
  Epoch [12/50] Batch [700/998] Loss: 0.002797
  Epoch [12/50] Batch [750/998] Loss: 0.003835
  Epoch [12/50] Batch [800/998] Loss: 0.049449
  Epoch [12/50] Batch [850/998] Loss: 0.044822
  Epoch [12/50] Batch [900/998] Loss: 0.075770
  Epoch [12/50] Batch [950/998] Loss: 0.010348
Epoch [12/50] Train Loss: 0.017262 | Test Loss: 0.014609
  ✓ New best model saved (test loss: 0.014609)
  Epoch [13/50] Batch [0/998] Loss: 0.003697
  Epoch [13/50] Batch [50/998] Loss: 0.003319
  Epoch [13/50] Batch [100/998] Loss: 0.031687
  Epoch [13/50] Batch [150/998] Loss: 0.039313
  Epoch [13/50] Batch [200/998] Loss: 0.066973
  Epoch [13/50] Batch [250/998] Loss: 0.002255
  Epoch [13/50] Batch [300/998] Loss: 0.008007
  Epoch [13/50] Batch [350/998] Loss: 0.012489
  Epoch [13/50] Batch [400/998] Loss: 0.005460
  Epoch [13/50] Batch [450/998] Loss: 0.003697
  Epoch [13/50] Batch [500/998] Loss: 0.001941
  Epoch [13/50] Batch [550/998] Loss: 0.002079
  Epoch [13/50] Batch [600/998] Loss: 0.008914
  Epoch [13/50] Batch [650/998] Loss: 0.002973
  Epoch [13/50] Batch [700/998] Loss: 0.011735
  Epoch [13/50] Batch [750/998] Loss: 0.004638
  Epoch [13/50] Batch [800/998] Loss: 0.001564
  Epoch [13/50] Batch [850/998] Loss: 0.011129
  Epoch [13/50] Batch [900/998] Loss: 0.004776
  Epoch [13/50] Batch [950/998] Loss: 0.006100
Epoch [13/50] Train Loss: 0.016190 | Test Loss: 0.019443
  No improvement (1/10)
  Epoch [14/50] Batch [0/998] Loss: 0.017044
  Epoch [14/50] Batch [50/998] Loss: 0.006187
  Epoch [14/50] Batch [100/998] Loss: 0.003895
  Epoch [14/50] Batch [150/998] Loss: 0.050041
  Epoch [14/50] Batch [200/998] Loss: 0.005163
  Epoch [14/50] Batch [250/998] Loss: 0.002105
  Epoch [14/50] Batch [300/998] Loss: 0.063181
  Epoch [14/50] Batch [350/998] Loss: 0.049163
  Epoch [14/50] Batch [400/998] Loss: 0.001464
  Epoch [14/50] Batch [450/998] Loss: 0.033064
  Epoch [14/50] Batch [500/998] Loss: 0.006568
  Epoch [14/50] Batch [550/998] Loss: 0.012592
  Epoch [14/50] Batch [600/998] Loss: 0.068316
  Epoch [14/50] Batch [650/998] Loss: 0.003839
  Epoch [14/50] Batch [700/998] Loss: 0.002300
  Epoch [14/50] Batch [750/998] Loss: 0.004085
  Epoch [14/50] Batch [800/998] Loss: 0.022099
  Epoch [14/50] Batch [850/998] Loss: 0.001608
  Epoch [14/50] Batch [900/998] Loss: 0.014119
  Epoch [14/50] Batch [950/998] Loss: 0.027089
Epoch [14/50] Train Loss: 0.017435 | Test Loss: 0.018949
  No improvement (2/10)
  Epoch [15/50] Batch [0/998] Loss: 0.017269
  Epoch [15/50] Batch [50/998] Loss: 0.016157
  Epoch [15/50] Batch [100/998] Loss: 0.012298
  Epoch [15/50] Batch [150/998] Loss: 0.006630
  Epoch [15/50] Batch [200/998] Loss: 0.007058
  Epoch [15/50] Batch [250/998] Loss: 0.004252
  Epoch [15/50] Batch [300/998] Loss: 0.014083
  Epoch [15/50] Batch [350/998] Loss: 0.026445
  Epoch [15/50] Batch [400/998] Loss: 0.042710
  Epoch [15/50] Batch [450/998] Loss: 0.008596
  Epoch [15/50] Batch [500/998] Loss: 0.059097
  Epoch [15/50] Batch [550/998] Loss: 0.040954
  Epoch [15/50] Batch [600/998] Loss: 0.005813
  Epoch [15/50] Batch [650/998] Loss: 0.009123
  Epoch [15/50] Batch [700/998] Loss: 0.010389
  Epoch [15/50] Batch [750/998] Loss: 0.003782
  Epoch [15/50] Batch [800/998] Loss: 0.005342
  Epoch [15/50] Batch [850/998] Loss: 0.011246
  Epoch [15/50] Batch [900/998] Loss: 0.001976
  Epoch [15/50] Batch [950/998] Loss: 0.015714
Epoch [15/50] Train Loss: 0.016801 | Test Loss: 0.016466
  Generating sample images...
  Saved generated images to: results/generated_epoch_15.png
  No improvement (3/10)
  Epoch [16/50] Batch [0/998] Loss: 0.004964
  Epoch [16/50] Batch [50/998] Loss: 0.032064
  Epoch [16/50] Batch [100/998] Loss: 0.074538
  Epoch [16/50] Batch [150/998] Loss: 0.002775
  Epoch [16/50] Batch [200/998] Loss: 0.003500
  Epoch [16/50] Batch [250/998] Loss: 0.012079
  Epoch [16/50] Batch [300/998] Loss: 0.001601
  Epoch [16/50] Batch [350/998] Loss: 0.006974
  Epoch [16/50] Batch [400/998] Loss: 0.005293
  Epoch [16/50] Batch [450/998] Loss: 0.003364
  Epoch [16/50] Batch [500/998] Loss: 0.008096
  Epoch [16/50] Batch [550/998] Loss: 0.047479
  Epoch [16/50] Batch [600/998] Loss: 0.003917
  Epoch [16/50] Batch [650/998] Loss: 0.017415
  Epoch [16/50] Batch [700/998] Loss: 0.003170
  Epoch [16/50] Batch [750/998] Loss: 0.015604
  Epoch [16/50] Batch [800/998] Loss: 0.002206
  Epoch [16/50] Batch [850/998] Loss: 0.004776
  Epoch [16/50] Batch [900/998] Loss: 0.021139
  Epoch [16/50] Batch [950/998] Loss: 0.023623
Epoch [16/50] Train Loss: 0.015487 | Test Loss: 0.016417
  No improvement (4/10)
  Epoch [17/50] Batch [0/998] Loss: 0.008042
  Epoch [17/50] Batch [50/998] Loss: 0.015826
  Epoch [17/50] Batch [100/998] Loss: 0.000927
  Epoch [17/50] Batch [150/998] Loss: 0.021526
  Epoch [17/50] Batch [200/998] Loss: 0.012169
  Epoch [17/50] Batch [250/998] Loss: 0.007315
  Epoch [17/50] Batch [300/998] Loss: 0.007154
  Epoch [17/50] Batch [350/998] Loss: 0.040038
  Epoch [17/50] Batch [400/998] Loss: 0.009235
  Epoch [17/50] Batch [450/998] Loss: 0.013464
  Epoch [17/50] Batch [500/998] Loss: 0.010075
  Epoch [17/50] Batch [550/998] Loss: 0.001251
  Epoch [17/50] Batch [600/998] Loss: 0.010970
  Epoch [17/50] Batch [650/998] Loss: 0.005962
  Epoch [17/50] Batch [700/998] Loss: 0.052887
  Epoch [17/50] Batch [750/998] Loss: 0.038090
  Epoch [17/50] Batch [800/998] Loss: 0.037421
  Epoch [17/50] Batch [850/998] Loss: 0.002260
  Epoch [17/50] Batch [900/998] Loss: 0.019655
  Epoch [17/50] Batch [950/998] Loss: 0.001813
Epoch [17/50] Train Loss: 0.015763 | Test Loss: 0.014592
  ✓ New best model saved (test loss: 0.014592)
  Epoch [18/50] Batch [0/998] Loss: 0.018759
  Epoch [18/50] Batch [50/998] Loss: 0.004927
  Epoch [18/50] Batch [100/998] Loss: 0.010053
  Epoch [18/50] Batch [150/998] Loss: 0.058234
  Epoch [18/50] Batch [200/998] Loss: 0.012580
  Epoch [18/50] Batch [250/998] Loss: 0.006589
  Epoch [18/50] Batch [300/998] Loss: 0.010318
  Epoch [18/50] Batch [350/998] Loss: 0.004653
  Epoch [18/50] Batch [400/998] Loss: 0.002110
  Epoch [18/50] Batch [450/998] Loss: 0.002095
  Epoch [18/50] Batch [500/998] Loss: 0.004716
  Epoch [18/50] Batch [550/998] Loss: 0.040147
  Epoch [18/50] Batch [600/998] Loss: 0.003197
  Epoch [18/50] Batch [650/998] Loss: 0.002742
  Epoch [18/50] Batch [700/998] Loss: 0.013238
  Epoch [18/50] Batch [750/998] Loss: 0.007167
  Epoch [18/50] Batch [800/998] Loss: 0.004296
  Epoch [18/50] Batch [850/998] Loss: 0.049529
  Epoch [18/50] Batch [900/998] Loss: 0.006517
  Epoch [18/50] Batch [950/998] Loss: 0.019033
Epoch [18/50] Train Loss: 0.015392 | Test Loss: 0.016618
  No improvement (1/10)
  Epoch [19/50] Batch [0/998] Loss: 0.043176
  Epoch [19/50] Batch [50/998] Loss: 0.003676
  Epoch [19/50] Batch [100/998] Loss: 0.014610
  Epoch [19/50] Batch [150/998] Loss: 0.016730
  Epoch [19/50] Batch [200/998] Loss: 0.045353
  Epoch [19/50] Batch [250/998] Loss: 0.007073
  Epoch [19/50] Batch [300/998] Loss: 0.045160
  Epoch [19/50] Batch [350/998] Loss: 0.004409
  Epoch [19/50] Batch [400/998] Loss: 0.009744
  Epoch [19/50] Batch [450/998] Loss: 0.002773
  Epoch [19/50] Batch [500/998] Loss: 0.004680
  Epoch [19/50] Batch [550/998] Loss: 0.003277
  Epoch [19/50] Batch [600/998] Loss: 0.002769
  Epoch [19/50] Batch [650/998] Loss: 0.067942
  Epoch [19/50] Batch [700/998] Loss: 0.010192
  Epoch [19/50] Batch [750/998] Loss: 0.005545
  Epoch [19/50] Batch [800/998] Loss: 0.001453
  Epoch [19/50] Batch [850/998] Loss: 0.015864
  Epoch [19/50] Batch [900/998] Loss: 0.003417
  Epoch [19/50] Batch [950/998] Loss: 0.027907
Epoch [19/50] Train Loss: 0.016736 | Test Loss: 0.014882
  No improvement (2/10)
  Epoch [20/50] Batch [0/998] Loss: 0.004568
  Epoch [20/50] Batch [50/998] Loss: 0.017401
  Epoch [20/50] Batch [100/998] Loss: 0.012562
  Epoch [20/50] Batch [150/998] Loss: 0.017932
  Epoch [20/50] Batch [200/998] Loss: 0.002426
  Epoch [20/50] Batch [250/998] Loss: 0.017702
  Epoch [20/50] Batch [300/998] Loss: 0.045182
  Epoch [20/50] Batch [350/998] Loss: 0.011394
  Epoch [20/50] Batch [400/998] Loss: 0.001542
  Epoch [20/50] Batch [450/998] Loss: 0.001505
  Epoch [20/50] Batch [500/998] Loss: 0.036717
  Epoch [20/50] Batch [550/998] Loss: 0.018157
  Epoch [20/50] Batch [600/998] Loss: 0.052577
  Epoch [20/50] Batch [650/998] Loss: 0.032297
  Epoch [20/50] Batch [700/998] Loss: 0.054102
  Epoch [20/50] Batch [750/998] Loss: 0.043444
  Epoch [20/50] Batch [800/998] Loss: 0.004281
  Epoch [20/50] Batch [850/998] Loss: 0.001789
  Epoch [20/50] Batch [900/998] Loss: 0.002144
  Epoch [20/50] Batch [950/998] Loss: 0.005092
Epoch [20/50] Train Loss: 0.016849 | Test Loss: 0.014986
  Generating sample images...
  Saved generated images to: results/generated_epoch_20.png
  No improvement (3/10)
  Epoch [21/50] Batch [0/998] Loss: 0.073340
  Epoch [21/50] Batch [50/998] Loss: 0.024633
  Epoch [21/50] Batch [100/998] Loss: 0.011705
  Epoch [21/50] Batch [150/998] Loss: 0.007365
  Epoch [21/50] Batch [200/998] Loss: 0.008201
  Epoch [21/50] Batch [250/998] Loss: 0.015747
  Epoch [21/50] Batch [300/998] Loss: 0.005212
  Epoch [21/50] Batch [350/998] Loss: 0.013020
  Epoch [21/50] Batch [400/998] Loss: 0.009059
  Epoch [21/50] Batch [450/998] Loss: 0.003460
  Epoch [21/50] Batch [500/998] Loss: 0.001971
  Epoch [21/50] Batch [550/998] Loss: 0.021966
  Epoch [21/50] Batch [600/998] Loss: 0.045830
  Epoch [21/50] Batch [650/998] Loss: 0.018710
  Epoch [21/50] Batch [700/998] Loss: 0.023374
  Epoch [21/50] Batch [750/998] Loss: 0.016448
  Epoch [21/50] Batch [800/998] Loss: 0.005484
  Epoch [21/50] Batch [850/998] Loss: 0.007176
  Epoch [21/50] Batch [900/998] Loss: 0.010392
  Epoch [21/50] Batch [950/998] Loss: 0.073945
Epoch [21/50] Train Loss: 0.016303 | Test Loss: 0.015143
  No improvement (4/10)
  Epoch [22/50] Batch [0/998] Loss: 0.009442
  Epoch [22/50] Batch [50/998] Loss: 0.020359
  Epoch [22/50] Batch [100/998] Loss: 0.004165
  Epoch [22/50] Batch [150/998] Loss: 0.045462
  Epoch [22/50] Batch [200/998] Loss: 0.054141
  Epoch [22/50] Batch [250/998] Loss: 0.014358
  Epoch [22/50] Batch [300/998] Loss: 0.002220
  Epoch [22/50] Batch [350/998] Loss: 0.043182
  Epoch [22/50] Batch [400/998] Loss: 0.003672
  Epoch [22/50] Batch [450/998] Loss: 0.001026
  Epoch [22/50] Batch [500/998] Loss: 0.012859
  Epoch [22/50] Batch [550/998] Loss: 0.015870
  Epoch [22/50] Batch [600/998] Loss: 0.003950
  Epoch [22/50] Batch [650/998] Loss: 0.024809
  Epoch [22/50] Batch [700/998] Loss: 0.002134
  Epoch [22/50] Batch [750/998] Loss: 0.041320
  Epoch [22/50] Batch [800/998] Loss: 0.004790
  Epoch [22/50] Batch [850/998] Loss: 0.001107
  Epoch [22/50] Batch [900/998] Loss: 0.009457
  Epoch [22/50] Batch [950/998] Loss: 0.001533
Epoch [22/50] Train Loss: 0.016338 | Test Loss: 0.015258
  No improvement (5/10)
  Epoch [23/50] Batch [0/998] Loss: 0.023774
  Epoch [23/50] Batch [50/998] Loss: 0.002880
  Epoch [23/50] Batch [100/998] Loss: 0.023472
  Epoch [23/50] Batch [150/998] Loss: 0.016746
  Epoch [23/50] Batch [200/998] Loss: 0.020850
  Epoch [23/50] Batch [250/998] Loss: 0.016952
  Epoch [23/50] Batch [300/998] Loss: 0.009961
  Epoch [23/50] Batch [350/998] Loss: 0.073126
  Epoch [23/50] Batch [400/998] Loss: 0.005354
  Epoch [23/50] Batch [450/998] Loss: 0.010743
  Epoch [23/50] Batch [500/998] Loss: 0.029129
  Epoch [23/50] Batch [550/998] Loss: 0.005336
  Epoch [23/50] Batch [600/998] Loss: 0.002833
  Epoch [23/50] Batch [650/998] Loss: 0.002982
  Epoch [23/50] Batch [700/998] Loss: 0.004404
  Epoch [23/50] Batch [750/998] Loss: 0.047649
  Epoch [23/50] Batch [800/998] Loss: 0.058679
  Epoch [23/50] Batch [850/998] Loss: 0.009483
  Epoch [23/50] Batch [900/998] Loss: 0.026040
  Epoch [23/50] Batch [950/998] Loss: 0.014888
Epoch [23/50] Train Loss: 0.016408 | Test Loss: 0.018085
  No improvement (6/10)
  Epoch [24/50] Batch [0/998] Loss: 0.008719
  Epoch [24/50] Batch [50/998] Loss: 0.012437
  Epoch [24/50] Batch [100/998] Loss: 0.019614
  Epoch [24/50] Batch [150/998] Loss: 0.007749
  Epoch [24/50] Batch [200/998] Loss: 0.007863
  Epoch [24/50] Batch [250/998] Loss: 0.042028
  Epoch [24/50] Batch [300/998] Loss: 0.004744
  Epoch [24/50] Batch [350/998] Loss: 0.008893
  Epoch [24/50] Batch [400/998] Loss: 0.003950
  Epoch [24/50] Batch [450/998] Loss: 0.002431
  Epoch [24/50] Batch [500/998] Loss: 0.040557
  Epoch [24/50] Batch [550/998] Loss: 0.005779
  Epoch [24/50] Batch [600/998] Loss: 0.001834
  Epoch [24/50] Batch [650/998] Loss: 0.007113
  Epoch [24/50] Batch [700/998] Loss: 0.039820
  Epoch [24/50] Batch [750/998] Loss: 0.052754
  Epoch [24/50] Batch [800/998] Loss: 0.003519
  Epoch [24/50] Batch [850/998] Loss: 0.101792
  Epoch [24/50] Batch [900/998] Loss: 0.027728
  Epoch [24/50] Batch [950/998] Loss: 0.007745
Epoch [24/50] Train Loss: 0.016266 | Test Loss: 0.017721
  No improvement (7/10)
  Epoch [25/50] Batch [0/998] Loss: 0.013685
  Epoch [25/50] Batch [50/998] Loss: 0.002181
  Epoch [25/50] Batch [100/998] Loss: 0.003837
  Epoch [25/50] Batch [150/998] Loss: 0.001541
  Epoch [25/50] Batch [200/998] Loss: 0.005588
  Epoch [25/50] Batch [250/998] Loss: 0.013131
  Epoch [25/50] Batch [300/998] Loss: 0.025856
  Epoch [25/50] Batch [350/998] Loss: 0.002737
  Epoch [25/50] Batch [400/998] Loss: 0.002804
  Epoch [25/50] Batch [450/998] Loss: 0.001698
  Epoch [25/50] Batch [500/998] Loss: 0.029242
  Epoch [25/50] Batch [550/998] Loss: 0.001967
  Epoch [25/50] Batch [600/998] Loss: 0.011096
  Epoch [25/50] Batch [650/998] Loss: 0.019129
  Epoch [25/50] Batch [700/998] Loss: 0.000480
  Epoch [25/50] Batch [750/998] Loss: 0.002203
  Epoch [25/50] Batch [800/998] Loss: 0.019040
  Epoch [25/50] Batch [850/998] Loss: 0.004564
  Epoch [25/50] Batch [900/998] Loss: 0.003359
  Epoch [25/50] Batch [950/998] Loss: 0.033952
Epoch [25/50] Train Loss: 0.015749 | Test Loss: 0.016217
  Generating sample images...
  Saved generated images to: results/generated_epoch_25.png
  No improvement (8/10)
  Epoch [26/50] Batch [0/998] Loss: 0.013465
  Epoch [26/50] Batch [50/998] Loss: 0.008779
  Epoch [26/50] Batch [100/998] Loss: 0.004337
  Epoch [26/50] Batch [150/998] Loss: 0.022642
  Epoch [26/50] Batch [200/998] Loss: 0.030920
  Epoch [26/50] Batch [250/998] Loss: 0.106700
  Epoch [26/50] Batch [300/998] Loss: 0.004857
  Epoch [26/50] Batch [350/998] Loss: 0.007641
  Epoch [26/50] Batch [400/998] Loss: 0.050955
  Epoch [26/50] Batch [450/998] Loss: 0.005098
  Epoch [26/50] Batch [500/998] Loss: 0.048740
  Epoch [26/50] Batch [550/998] Loss: 0.001269
  Epoch [26/50] Batch [600/998] Loss: 0.012136
  Epoch [26/50] Batch [650/998] Loss: 0.046146
  Epoch [26/50] Batch [700/998] Loss: 0.017387
  Epoch [26/50] Batch [750/998] Loss: 0.015135
  Epoch [26/50] Batch [800/998] Loss: 0.006080
  Epoch [26/50] Batch [850/998] Loss: 0.004391
  Epoch [26/50] Batch [900/998] Loss: 0.036910
  Epoch [26/50] Batch [950/998] Loss: 0.010798
Epoch [26/50] Train Loss: 0.016644 | Test Loss: 0.016668
  No improvement (9/10)
  Epoch [27/50] Batch [0/998] Loss: 0.004619
  Epoch [27/50] Batch [50/998] Loss: 0.001812
  Epoch [27/50] Batch [100/998] Loss: 0.001128
  Epoch [27/50] Batch [150/998] Loss: 0.011985
  Epoch [27/50] Batch [200/998] Loss: 0.014052
  Epoch [27/50] Batch [250/998] Loss: 0.004648
  Epoch [27/50] Batch [300/998] Loss: 0.003182
  Epoch [27/50] Batch [350/998] Loss: 0.001691
  Epoch [27/50] Batch [400/998] Loss: 0.083627
  Epoch [27/50] Batch [450/998] Loss: 0.005843
  Epoch [27/50] Batch [500/998] Loss: 0.022352
  Epoch [27/50] Batch [550/998] Loss: 0.003596
  Epoch [27/50] Batch [600/998] Loss: 0.003472
  Epoch [27/50] Batch [650/998] Loss: 0.041223
  Epoch [27/50] Batch [700/998] Loss: 0.050982
  Epoch [27/50] Batch [750/998] Loss: 0.060737
  Epoch [27/50] Batch [800/998] Loss: 0.001512
  Epoch [27/50] Batch [850/998] Loss: 0.002470
  Epoch [27/50] Batch [900/998] Loss: 0.063500
  Epoch [27/50] Batch [950/998] Loss: 0.002660
Epoch [27/50] Train Loss: 0.016259 | Test Loss: 0.016254
  No improvement (10/10)

Early stopping triggered after 27 epochs

================================================================================
TRAINING COMPLETED
================================================================================
Best test loss: 0.014592
Total epochs: 27

================================================================================
SAVING TRAINING RESULTS
================================================================================
Losses saved to: results/galaxy_losses_20260522_160333.pkl
wandb: WARNING Symlinked 1 file into the W&B run directory; call wandb.save again to sync new files.

================================================================================
PLOTTING LOSS CURVES
================================================================================
Loss curve saved to: results/loss_curve_galaxy.png

================================================================================
GENERATING FINAL SAMPLE IMAGES
================================================================================
/gpfs/home6/scur0071/Project/diffusion-models-project/train_galaxy_no_att_no_time.py:477: FutureWarning: You are using `torch.load` with `weights_only=False` (the current default value), which uses the default pickle module implicitly. It is possible to construct malicious pickle data which will execute arbitrary code during unpickling (See https://github.com/pytorch/pytorch/blob/main/SECURITY.md#untrusted-models for more details). In a future release, the default value for `weights_only` will be flipped to `True`. This limits the functions that could be executed during unpickling. Arbitrary objects will no longer be allowed to be loaded via this mode unless they are explicitly allowlisted by the user via `torch.serialization.add_safe_globals`. We recommend you start setting `weights_only=True` for any use case where you don't have full control of the loaded file. Please open an issue on GitHub for any issues related to this experimental feature.
Traceback (most recent call last):
  File "/gpfs/home6/scur0071/Project/diffusion-models-project/train_galaxy_no_att_no_time.py", line 477, in <module>
    unet.load_state_dict(torch.load(SAVE_PATH))
  File "/home/scur0071/mlpa_env/lib64/python3.9/site-packages/torch/nn/modules/module.py", line 2584, in load_state_dict
    raise RuntimeError(
RuntimeError: Error(s) in loading state_dict for UNet:
	size mismatch for encoder_convs.0.0.time_mlp.1.weight: copying a param with shape torch.Size([128, 256]) from checkpoint, the shape in current model is torch.Size([128, 0]).
	size mismatch for encoder_convs.0.1.time_mlp.1.weight: copying a param with shape torch.Size([128, 256]) from checkpoint, the shape in current model is torch.Size([128, 0]).
	size mismatch for encoder_convs.1.0.time_mlp.1.weight: copying a param with shape torch.Size([256, 256]) from checkpoint, the shape in current model is torch.Size([256, 0]).
	size mismatch for encoder_convs.1.1.time_mlp.1.weight: copying a param with shape torch.Size([256, 256]) from checkpoint, the shape in current model is torch.Size([256, 0]).
	size mismatch for encoder_convs.2.0.time_mlp.1.weight: copying a param with shape torch.Size([512, 256]) from checkpoint, the shape in current model is torch.Size([512, 0]).
	size mismatch for encoder_convs.2.1.time_mlp.1.weight: copying a param with shape torch.Size([512, 256]) from checkpoint, the shape in current model is torch.Size([512, 0]).
	size mismatch for decoder_convs.0.0.time_mlp.1.weight: copying a param with shape torch.Size([256, 256]) from checkpoint, the shape in current model is torch.Size([256, 0]).
	size mismatch for decoder_convs.0.1.time_mlp.1.weight: copying a param with shape torch.Size([256, 256]) from checkpoint, the shape in current model is torch.Size([256, 0]).
	size mismatch for decoder_convs.1.0.time_mlp.1.weight: copying a param with shape torch.Size([128, 256]) from checkpoint, the shape in current model is torch.Size([128, 0]).
	size mismatch for decoder_convs.1.1.time_mlp.1.weight: copying a param with shape torch.Size([128, 256]) from checkpoint, the shape in current model is torch.Size([128, 0]).
	size mismatch for time_embedding.proj.0.weight: copying a param with shape torch.Size([256, 64]) from checkpoint, the shape in current model is torch.Size([0, 64]).
	size mismatch for time_embedding.proj.0.bias: copying a param with shape torch.Size([256]) from checkpoint, the shape in current model is torch.Size([0]).
Traceback (most recent call last):
  File "/gpfs/home6/scur0071/Project/diffusion-models-project/train_galaxy_no_att_no_time.py", line 477, in <module>
    unet.load_state_dict(torch.load(SAVE_PATH))
  File "/home/scur0071/mlpa_env/lib64/python3.9/site-packages/torch/nn/modules/module.py", line 2584, in load_state_dict
    raise RuntimeError(
RuntimeError: Error(s) in loading state_dict for UNet:
	size mismatch for encoder_convs.0.0.time_mlp.1.weight: copying a param with shape torch.Size([128, 256]) from checkpoint, the shape in current model is torch.Size([128, 0]).
	size mismatch for encoder_convs.0.1.time_mlp.1.weight: copying a param with shape torch.Size([128, 256]) from checkpoint, the shape in current model is torch.Size([128, 0]).
	size mismatch for encoder_convs.1.0.time_mlp.1.weight: copying a param with shape torch.Size([256, 256]) from checkpoint, the shape in current model is torch.Size([256, 0]).
	size mismatch for encoder_convs.1.1.time_mlp.1.weight: copying a param with shape torch.Size([256, 256]) from checkpoint, the shape in current model is torch.Size([256, 0]).
	size mismatch for encoder_convs.2.0.time_mlp.1.weight: copying a param with shape torch.Size([512, 256]) from checkpoint, the shape in current model is torch.Size([512, 0]).
	size mismatch for encoder_convs.2.1.time_mlp.1.weight: copying a param with shape torch.Size([512, 256]) from checkpoint, the shape in current model is torch.Size([512, 0]).
	size mismatch for decoder_convs.0.0.time_mlp.1.weight: copying a param with shape torch.Size([256, 256]) from checkpoint, the shape in current model is torch.Size([256, 0]).
	size mismatch for decoder_convs.0.1.time_mlp.1.weight: copying a param with shape torch.Size([256, 256]) from checkpoint, the shape in current model is torch.Size([256, 0]).
	size mismatch for decoder_convs.1.0.time_mlp.1.weight: copying a param with shape torch.Size([128, 256]) from checkpoint, the shape in current model is torch.Size([128, 0]).
	size mismatch for decoder_convs.1.1.time_mlp.1.weight: copying a param with shape torch.Size([128, 256]) from checkpoint, the shape in current model is torch.Size([128, 0]).
	size mismatch for time_embedding.proj.0.weight: copying a param with shape torch.Size([256, 64]) from checkpoint, the shape in current model is torch.Size([0, 64]).
	size mismatch for time_embedding.proj.0.bias: copying a param with shape torch.Size([256]) from checkpoint, the shape in current model is torch.Size([0]).
